Archive member included to satisfy reference by file (symbol)

C:/Users/mertg/STM32CubeIDE_1.12.0/STM32CubeIDE/plugins/com.st.stm32cube.ide.mcu.externaltools.gnu-tools-for-stm32.11.3.rel1.win32_1.1.0.202305231506/tools/bin/../lib/gcc/arm-none-eabi/11.3.1/../../../../arm-none-eabi/lib/thumb/v7e-m+fp/hard\libc_nano.a(libc_a-exit.o)
                              C:/Users/mertg/STM32CubeIDE_1.12.0/STM32CubeIDE/plugins/com.st.stm32cube.ide.mcu.externaltools.gnu-tools-for-stm32.11.3.rel1.win32_1.1.0.202305231506/tools/bin/../lib/gcc/arm-none-eabi/11.3.1/../../../../arm-none-eabi/lib/thumb/v7e-m+fp/hard/crt0.o (exit)
C:/Users/mertg/STM32CubeIDE_1.12.0/STM32CubeIDE/plugins/com.st.stm32cube.ide.mcu.externaltools.gnu-tools-for-stm32.11.3.rel1.win32_1.1.0.202305231506/tools/bin/../lib/gcc/arm-none-eabi/11.3.1/../../../../arm-none-eabi/lib/thumb/v7e-m+fp/hard\libc_nano.a(libc_a-findfp.o)
                              C:/Users/mertg/STM32CubeIDE_1.12.0/STM32CubeIDE/plugins/com.st.stm32cube.ide.mcu.externaltools.gnu-tools-for-stm32.11.3.rel1.win32_1.1.0.202305231506/tools/bin/../lib/gcc/arm-none-eabi/11.3.1/../../../../arm-none-eabi/lib/thumb/v7e-m+fp/hard\libc_nano.a(libc_a-exit.o) (__stdio_exit_handler)
C:/Users/mertg/STM32CubeIDE_1.12.0/STM32CubeIDE/plugins/com.st.stm32cube.ide.mcu.externaltools.gnu-tools-for-stm32.11.3.rel1.win32_1.1.0.202305231506/tools/bin/../lib/gcc/arm-none-eabi/11.3.1/../../../../arm-none-eabi/lib/thumb/v7e-m+fp/hard\libc_nano.a(libc_a-fwalk.o)
                              C:/Users/mertg/STM32CubeIDE_1.12.0/STM32CubeIDE/plugins/com.st.stm32cube.ide.mcu.externaltools.gnu-tools-for-stm32.11.3.rel1.win32_1.1.0.202305231506/tools/bin/../lib/gcc/arm-none-eabi/11.3.1/../../../../arm-none-eabi/lib/thumb/v7e-m+fp/hard\libc_nano.a(libc_a-findfp.o) (_fwalk_sglue)
C:/Users/mertg/STM32CubeIDE_1.12.0/STM32CubeIDE/plugins/com.st.stm32cube.ide.mcu.externaltools.gnu-tools-for-stm32.11.3.rel1.win32_1.1.0.202305231506/tools/bin/../lib/gcc/arm-none-eabi/11.3.1/../../../../arm-none-eabi/lib/thumb/v7e-m+fp/hard\libc_nano.a(libc_a-stdio.o)
                              C:/Users/mertg/STM32CubeIDE_1.12.0/STM32CubeIDE/plugins/com.st.stm32cube.ide.mcu.externaltools.gnu-tools-for-stm32.11.3.rel1.win32_1.1.0.202305231506/tools/bin/../lib/gcc/arm-none-eabi/11.3.1/../../../../arm-none-eabi/lib/thumb/v7e-m+fp/hard\libc_nano.a(libc_a-findfp.o) (__sread)
C:/Users/mertg/STM32CubeIDE_1.12.0/STM32CubeIDE/plugins/com.st.stm32cube.ide.mcu.externaltools.gnu-tools-for-stm32.11.3.rel1.win32_1.1.0.202305231506/tools/bin/../lib/gcc/arm-none-eabi/11.3.1/../../../../arm-none-eabi/lib/thumb/v7e-m+fp/hard\libc_nano.a(libc_a-memset.o)
                              C:/Users/mertg/STM32CubeIDE_1.12.0/STM32CubeIDE/plugins/com.st.stm32cube.ide.mcu.externaltools.gnu-tools-for-stm32.11.3.rel1.win32_1.1.0.202305231506/tools/bin/../lib/gcc/arm-none-eabi/11.3.1/../../../../arm-none-eabi/lib/thumb/v7e-m+fp/hard/crt0.o (memset)
C:/Users/mertg/STM32CubeIDE_1.12.0/STM32CubeIDE/plugins/com.st.stm32cube.ide.mcu.externaltools.gnu-tools-for-stm32.11.3.rel1.win32_1.1.0.202305231506/tools/bin/../lib/gcc/arm-none-eabi/11.3.1/../../../../arm-none-eabi/lib/thumb/v7e-m+fp/hard\libc_nano.a(libc_a-closer.o)
                              C:/Users/mertg/STM32CubeIDE_1.12.0/STM32CubeIDE/plugins/com.st.stm32cube.ide.mcu.externaltools.gnu-tools-for-stm32.11.3.rel1.win32_1.1.0.202305231506/tools/bin/../lib/gcc/arm-none-eabi/11.3.1/../../../../arm-none-eabi/lib/thumb/v7e-m+fp/hard\libc_nano.a(libc_a-stdio.o) (_close_r)
C:/Users/mertg/STM32CubeIDE_1.12.0/STM32CubeIDE/plugins/com.st.stm32cube.ide.mcu.externaltools.gnu-tools-for-stm32.11.3.rel1.win32_1.1.0.202305231506/tools/bin/../lib/gcc/arm-none-eabi/11.3.1/../../../../arm-none-eabi/lib/thumb/v7e-m+fp/hard\libc_nano.a(libc_a-reent.o)
                              C:/Users/mertg/STM32CubeIDE_1.12.0/STM32CubeIDE/plugins/com.st.stm32cube.ide.mcu.externaltools.gnu-tools-for-stm32.11.3.rel1.win32_1.1.0.202305231506/tools/bin/../lib/gcc/arm-none-eabi/11.3.1/../../../../arm-none-eabi/lib/thumb/v7e-m+fp/hard\libc_nano.a(libc_a-closer.o) (errno)
C:/Users/mertg/STM32CubeIDE_1.12.0/STM32CubeIDE/plugins/com.st.stm32cube.ide.mcu.externaltools.gnu-tools-for-stm32.11.3.rel1.win32_1.1.0.202305231506/tools/bin/../lib/gcc/arm-none-eabi/11.3.1/../../../../arm-none-eabi/lib/thumb/v7e-m+fp/hard\libc_nano.a(libc_a-impure.o)
                              C:/Users/mertg/STM32CubeIDE_1.12.0/STM32CubeIDE/plugins/com.st.stm32cube.ide.mcu.externaltools.gnu-tools-for-stm32.11.3.rel1.win32_1.1.0.202305231506/tools/bin/../lib/gcc/arm-none-eabi/11.3.1/../../../../arm-none-eabi/lib/thumb/v7e-m+fp/hard\libc_nano.a(libc_a-reent.o) (_impure_ptr)
C:/Users/mertg/STM32CubeIDE_1.12.0/STM32CubeIDE/plugins/com.st.stm32cube.ide.mcu.externaltools.gnu-tools-for-stm32.11.3.rel1.win32_1.1.0.202305231506/tools/bin/../lib/gcc/arm-none-eabi/11.3.1/../../../../arm-none-eabi/lib/thumb/v7e-m+fp/hard\libc_nano.a(libc_a-lseekr.o)
[...]
Memory Configuration

Name             Origin             Length             Attributes
RAM              0x0000000020000000 0x0000000000020000 xrw
FLASH            0x0000000008000000 0x0000000000080000 xr
*default*        0x0000000000000000 0xffffffffffffffff

Linker script and memory map

LOAD C:/Users/mertg/STM32CubeIDE_1.12.0/STM32CubeIDE/plugins/com.st.stm32cube.ide.mcu.externaltools.gnu-tools-for-stm32.11.3.rel1.win32_1.1.0.202305231506/tools/bin/../lib/gcc/arm-none-eabi/11.3.1/thumb/v7e-m+fp/hard/crti.o
LOAD C:/Users/mertg/STM32CubeIDE_1.12.0/STM32CubeIDE/plugins/com.st.stm32cube.ide.mcu.externaltools.gnu-tools-for-stm32.11.3.rel1.win32_1.1.0.202305231506/tools/bin/../lib/gcc/arm-none-eabi/11.3.1/thumb/v7e-m+fp/hard/crtbegin.o
LOAD C:/Users/mertg/STM32CubeIDE_1.12.0/STM32CubeIDE/plugins/com.st.stm32cube.ide.mcu.externaltools.gnu-tools-for-stm32.11.3.rel1.win32_1.1.0.202305231506/tools/bin/../lib/gcc/arm-none-eabi/11.3.1/../../../../arm-none-eabi/lib/thumb/v7e-m+fp/hard/crt0.o
LOAD ./Core/Src/main.o
LOAD ./Core/Src/stm32g4xx_hal_msp.o
LOAD ./Core/Src/stm32g4xx_it.o
LOAD ./Core/Src/syscalls.o
LOAD ./Core/Src/sysmem.o
LOAD ./Core/Src/system_stm32g4xx.o
LOAD ./Core/Startup/startup_stm32g474retx.o
LOAD ./Drivers/STM32G4xx_HAL_Driver/Src/stm32g4xx_hal.o
LOAD ./Drivers/STM32G4xx_HAL_Driver/Src/stm32g4xx_hal_cortex.o
LOAD ./Drivers/STM32G4xx_HAL_Driver/Src/stm32g4xx_hal_dma.o
LOAD ./Drivers/STM32G4xx_HAL_Driver/Src/stm32g4xx_hal_dma_ex.o
LOAD ./Drivers/STM32G4xx_HAL_Driver/Src/stm32g4xx_hal_exti.o
LOAD ./Drivers/STM32G4xx_HAL_Driver/Src/stm32g4xx_hal_flash.o
LOAD ./Drivers/STM32G4xx_HAL_Driver/Src/stm32g4xx_hal_flash_ex.o
LOAD ./Drivers/STM32G4xx_HAL_Driver/Src/stm32g4xx_hal_flash_ramfunc.o
LOAD ./Drivers/STM32G4xx_HAL_Driver/Src/stm32g4xx_hal_gpio.o
LOAD ./Drivers/STM32G4xx_HAL_Driver/Src/stm32g4xx_hal_pwr.o
LOAD ./Drivers/STM32G4xx_HAL_Driver/Src/stm32g4xx_hal_pwr_ex.o
LOAD ./Drivers/STM32G4xx_HAL_Driver/Src/stm32g4xx_hal_rcc.o
LOAD ./Drivers/STM32G4xx_HAL_Driver/Src/stm32g4xx_hal_rcc_ex.o
LOAD ./Drivers/STM32G4xx_HAL_Driver/Src/stm32g4xx_hal_tim.o
LOAD ./Drivers/STM32G4xx_HAL_Driver/Src/stm32g4xx_hal_tim_ex.o
START GROUP
LOAD C:/Users/mertg/STM32CubeIDE_1.12.0/STM32CubeIDE/plugins/com.st.stm32cube.ide.mcu.externaltools.gnu-tools-for-stm32.11.3.rel1.win32_1.1.0.202305231506/tools/bin/../lib/gcc/arm-none-eabi/11.3.1/../../../../arm-none-eabi/lib/thumb/v7e-m+fp/hard\libc_nano.a
LOAD C:/Users/mertg/STM32CubeIDE_1.12.0/STM32CubeIDE/plugins/com.st.stm32cube.ide.mcu.externaltools.gnu-tools-for-stm32.11.3.rel1.win32_1.1.0.202305231506/tools/bin/../lib/gcc/arm-none-eabi/11.3.1/../../../../arm-none-eabi/lib/thumb/v7e-m+fp/hard\libm.a
END GROUP
START GROUP
LOAD C:/Users/mertg/STM32CubeIDE_1.12.0/STM32CubeIDE/plugins/com.st.stm32cube.ide.mcu.externaltools.gnu-tools-for-stm32.11.3.rel1.win32_1.1.0.202305231506/tools/bin/../lib/gcc/arm-none-eabi/11.3.1/thumb/v7e-m+fp/hard\libgcc.a
LOAD C:/Users/mertg/STM32CubeIDE_1.12.0/STM32CubeIDE/plugins/com.st.stm32cube.ide.mcu.externaltools.gnu-tools-for-stm32.11.3.rel1.win32_1.1.0.202305231506/tools/bin/../lib/gcc/arm-none-eabi/11.3.1/../../../../arm-none-eabi/lib/thumb/v7e-m+fp/hard\libc_nano.a
END GROUP
START GROUP
LOAD C:/Users/mertg/STM32CubeIDE_1.12.0/STM32CubeIDE/plugins/com.st.stm32cube.ide.mcu.externaltools.gnu-tools-for-stm32.11.3.rel1.win32_1.1.0.202305231506/tools/bin/../lib/gcc/arm-none-eabi/11.3.1/thumb/v7e-m+fp/hard\libgcc.a
LOAD C:/Users/mertg/STM32CubeIDE_1.12.0/STM32CubeIDE/plugins/com.st.stm32cube.ide.mcu.externaltools.gnu-tools-for-stm32.11.3.rel1.win32_1.1.0.202305231506/tools/bin/../lib/gcc/arm-none-eabi/11.3.1/../../../../arm-none-eabi/lib/thumb/v7e-m+fp/hard\libc_nano.a
LOAD C:/Users/mertg/STM32CubeIDE_1.12.0/STM32CubeIDE/plugins/com.st.stm32cube.ide.mcu.externaltools.gnu-tools-for-stm32.11.3.rel1.win32_1.1.0.202305231506/tools/bin/../lib/gcc/arm-none-eabi/11.3.1/../../../../arm-none-eabi/lib/thumb/v7e-m+fp/hard\libnosys.a
END GROUP
START GROUP
LOAD C:/Users/mertg/STM32CubeIDE_1.12.0/STM32CubeIDE/plugins/com.st.stm32cube.ide.mcu.externaltools.gnu-tools-for-stm32.11.3.rel1.win32_1.1.0.202305231506/tools/bin/../lib/gcc/arm-none-eabi/11.3.1/thumb/v7e-m+fp/hard\libgcc.a
LOAD C:/Users/mertg/STM32CubeIDE_1.12.0/STM32CubeIDE/plugins/com.st.stm32cube.ide.mcu.externaltools.gnu-tools-for-stm32.11.3.rel1.win32_1.1.0.202305231506/tools/bin/../lib/gcc/arm-none-eabi/11.3.1/../../../../arm-none-eabi/lib/thumb/v7e-m+fp/hard\libc_nano.a
LOAD C:/Users/mertg/STM32CubeIDE_1.12.0/STM32CubeIDE/plugins/com.st.stm32cube.ide.mcu.externaltools.gnu-tools-for-stm32.11.3.rel1.win32_1.1.0.202305231506/tools/bin/../lib/gcc/arm-none-eabi/11.3.1/../../../../arm-none-eabi/lib/thumb/v7e-m+fp/hard\libnosys.a
END GROUP
LOAD C:/Users/mertg/STM32CubeIDE_1.12.0/STM32CubeIDE/plugins/com.st.stm32cube.ide.mcu.externaltools.gnu-tools-for-stm32.11.3.rel1.win32_1.1.0.202305231506/tools/bin/../lib/gcc/arm-none-eabi/11.3.1/thumb/v7e-m+fp/hard/crtend.o
LOAD C:/Users/mertg/STM32CubeIDE_1.12.0/STM32CubeIDE/plugins/com.st.stm32cube.ide.mcu.externaltools.gnu-tools-for-stm32.11.3.rel1.win32_1.1.0.202305231506/tools/bin/../lib/gcc/arm-none-eabi/11.3.1/thumb/v7e-m+fp/hard/crtn.o
                0x0000000020020000                _estack = (ORIGIN (RAM) + LENGTH (RAM))
                0x0000000000000200                _Min_Heap_Size = 0x200
                0x0000000000000400                _Min_Stack_Size = 0x400

.isr_vector     0x0000000008000000      0x1d8
                0x0000000008000000                . = ALIGN (0x4)
 *(.isr_vector)
 .isr_vector    0x0000000008000000      0x1d8 ./Core/Startup/startup_stm32g474retx.o
                0x0000000008000000                g_pfnVectors
                0x00000000080001d8                . = ALIGN (0x4)

.text           0x00000000080001d8     0x4038
                0x00000000080001d8                . = ALIGN (0x4)
 *(.text)
 .text          0x00000000080001d8       0x40 C:/Users/mertg/STM32CubeIDE_1.12.0/STM32CubeIDE/plugins/com.st.stm32cube.ide.mcu.externaltools.gnu-tools-for-stm32.11.3.rel1.win32_1.1.0.202305231506/tools/bin/../lib/gcc/arm-none-eabi/11.3.1/thumb/v7e-m+fp/hard/crtbegin.o
 *(.text*)
 .text.HAL_GPIO_EXTI_Callback
                0x0000000008000218       0x28 ./Core/Src/main.o
                0x0000000008000218                HAL_GPIO_EXTI_Callback
 .text.HAL_TIM_PWM_PulseFinishedCallback
                0x0000000008000240      0x178 ./Core/Src/main.o
                0x0000000008000240                HAL_TIM_PWM_PulseFinishedCallback
 .text.Step     0x00000000080003b8       0x68 ./Core/Src/main.o
                0x00000000080003b8                Step
 .text.Step_2   0x0000000008000420       0x68 ./Core/Src/main.o
                0x0000000008000420                Step_2
 .text.Step_3   0x0000000008000488       0x64 ./Core/Src/main.o
                0x0000000008000488                Step_3
 .text.Step_4   0x00000000080004ec       0x64 ./Core/Src/main.o
                0x00000000080004ec                Step_4
 .text.main     0x0000000008000550      0x178 ./Core/Src/main.o
                0x0000000008000550                main
 .text.SystemClock_Config
                0x00000000080006c8       0x80 ./Core/Src/main.o
                0x00000000080006c8                SystemClock_Config
 .text.MX_TIM1_Init
                0x0000000008000748      0x16c ./Core/Src/main.o
 .text.MX_TIM2_Init
                0x00000000080008b4       0xc8 ./Core/Src/main.o
 .text.MX_TIM3_Init
                0x000000000800097c       0xb4 ./Core/Src/main.o
 .text.MX_TIM4_Init
                0x0000000008000a30       0xb4 ./Core/Src/main.o
 .text.MX_TIM5_Init
                0x0000000008000ae4       0xb4 ./Core/Src/main.o
 .text.MX_TIM8_Init
                0x0000000008000b98      0x124 ./Core/Src/main.o
 .text.MX_GPIO_Init
                0x0000000008000cbc      0x11c ./Core/Src/main.o
 .text.Error_Handler
                0x0000000008000dd8        0xa ./Core/Src/main.o
                0x0000000008000dd8                Error_Handler
 *fill*         0x0000000008000de2        0x2 
 .text.HAL_MspInit
                0x0000000008000de4       0x48 ./Core/Src/stm32g4xx_hal_msp.o
                0x0000000008000de4                HAL_MspInit
 .text.HAL_TIM_OC_MspInit
                0x0000000008000e2c       0x68 ./Core/Src/stm32g4xx_hal_msp.o
                0x0000000008000e2c                HAL_TIM_OC_MspInit
 .text.HAL_TIM_PWM_MspInit
                0x0000000008000e94       0xf0 ./Core/Src/stm32g4xx_hal_msp.o
                0x0000000008000e94                HAL_TIM_PWM_MspInit
 .text.HAL_TIM_MspPostInit
                0x0000000008000f84      0x21c ./Core/Src/stm32g4xx_hal_msp.o
                0x0000000008000f84                HAL_TIM_MspPostInit
 .text.NMI_Handler
                0x00000000080011a0        0x6 ./Core/Src/stm32g4xx_it.o
                0x00000000080011a0                NMI_Handler
 .text.HardFault_Handler
                0x00000000080011a6        0x6 ./Core/Src/stm32g4xx_it.o
                0x00000000080011a6                HardFault_Handler
 .text.MemManage_Handler
                0x00000000080011ac        0x6 ./Core/Src/stm32g4xx_it.o
                0x00000000080011ac                MemManage_Handler
 .text.BusFault_Handler
                0x00000000080011b2        0x6 ./Core/Src/stm32g4xx_it.o
                0x00000000080011b2                BusFault_Handler
 .text.UsageFault_Handler
                0x00000000080011b8        0x6 ./Core/Src/stm32g4xx_it.o
                0x00000000080011b8                UsageFault_Handler
 .text.SVC_Handler
                0x00000000080011be        0xe ./Core/Src/stm32g4xx_it.o
                0x00000000080011be                SVC_Handler
 .text.DebugMon_Handler
                0x00000000080011cc        0xe ./Core/Src/stm32g4xx_it.o
                0x00000000080011cc                DebugMon_Handler
 .text.PendSV_Handler
                0x00000000080011da        0xe ./Core/Src/stm32g4xx_it.o
                0x00000000080011da                PendSV_Handler
 .text.SysTick_Handler
                0x00000000080011e8        0xc ./Core/Src/stm32g4xx_it.o
                0x00000000080011e8                SysTick_Handler
 .text.TIM2_IRQHandler
                0x00000000080011f4       0x14 ./Core/Src/stm32g4xx_it.o
                0x00000000080011f4                TIM2_IRQHandler
 .text.TIM3_IRQHandler
                0x0000000008001208       0x14 ./Core/Src/stm32g4xx_it.o
                0x0000000008001208                TIM3_IRQHandler
 .text.TIM4_IRQHandler
                0x000000000800121c       0x14 ./Core/Src/stm32g4xx_it.o
                0x000000000800121c                TIM4_IRQHandler
 .text.EXTI15_10_IRQHandler
                0x0000000008001230       0x10 ./Core/Src/stm32g4xx_it.o
                0x0000000008001230                EXTI15_10_IRQHandler
 .text.TIM5_IRQHandler
                0x0000000008001240       0x14 ./Core/Src/stm32g4xx_it.o
                0x0000000008001240                TIM5_IRQHandler
 .text.SystemInit
                0x0000000008001254       0x24 ./Core/Src/system_stm32g4xx.o
                0x0000000008001254                SystemInit
 .text.Reset_Handler
                0x0000000008001278       0x50 ./Core/Startup/startup_stm32g474retx.o
                0x0000000008001278                Reset_Handler
 .text.Default_Handler
                0x00000000080012c8        0x2 ./Core/Startup/startup_stm32g474retx.o
                0x00000000080012c8                RTC_Alarm_IRQHandler
                0x00000000080012c8                EXTI2_IRQHandler
                0x00000000080012c8                TIM8_TRG_COM_IRQHandler
                0x00000000080012c8                TIM8_CC_IRQHandler
                0x00000000080012c8                HRTIM1_Master_IRQHandler
                0x00000000080012c8                SPI4_IRQHandler
                0x00000000080012c8                FDCAN3_IT0_IRQHandler
                0x00000000080012c8                TIM1_CC_IRQHandler
                0x00000000080012c8                HRTIM1_FLT_IRQHandler
                0x00000000080012c8                HRTIM1_TIMF_IRQHandler
                0x00000000080012c8                USB_HP_IRQHandler
                0x00000000080012c8                CORDIC_IRQHandler
                0x00000000080012c8                HRTIM1_TIMD_IRQHandler
                0x00000000080012c8                DMA2_Channel8_IRQHandler
                0x00000000080012c8                EXTI3_IRQHandler
                0x00000000080012c8                I2C3_ER_IRQHandler
                0x00000000080012c8                EXTI0_IRQHandler
                0x00000000080012c8                I2C2_EV_IRQHandler
                0x00000000080012c8                FPU_IRQHandler
                0x00000000080012c8                FDCAN1_IT1_IRQHandler
                0x00000000080012c8                TIM1_UP_TIM16_IRQHandler
                0x00000000080012c8                ADC1_2_IRQHandler
                0x00000000080012c8                HRTIM1_TIME_IRQHandler
                0x00000000080012c8                SPI1_IRQHandler
                0x00000000080012c8                TIM6_DAC_IRQHandler
                0x00000000080012c8                HRTIM1_TIMC_IRQHandler
                0x00000000080012c8                TIM8_UP_IRQHandler
                0x00000000080012c8                DMA2_Channel2_IRQHandler
                0x00000000080012c8                DMA1_Channel4_IRQHandler
                0x00000000080012c8                TIM20_TRG_COM_IRQHandler
                0x00000000080012c8                USART3_IRQHandler
                0x00000000080012c8                DMA1_Channel7_IRQHandler
                0x00000000080012c8                UART5_IRQHandler
                0x00000000080012c8                ADC3_IRQHandler
                0x00000000080012c8                DMA2_Channel1_IRQHandler
                0x00000000080012c8                QUADSPI_IRQHandler
                0x00000000080012c8                I2C1_EV_IRQHandler
                0x00000000080012c8                DMA1_Channel6_IRQHandler
                0x00000000080012c8                UART4_IRQHandler
                0x00000000080012c8                DMA2_Channel4_IRQHandler
                0x00000000080012c8                RCC_IRQHandler
                0x00000000080012c8                TIM20_UP_IRQHandler
                0x00000000080012c8                DMA1_Channel1_IRQHandler
                0x00000000080012c8                Default_Handler
                0x00000000080012c8                DMA2_Channel7_IRQHandler
                0x00000000080012c8                RTC_TAMP_LSECSS_IRQHandler
                0x00000000080012c8                FMAC_IRQHandler
                0x00000000080012c8                DMA1_Channel8_IRQHandler
                0x00000000080012c8                HRTIM1_TIMA_IRQHandler
                0x00000000080012c8                TIM7_DAC_IRQHandler
                0x00000000080012c8                FDCAN3_IT1_IRQHandler
                0x00000000080012c8                UCPD1_IRQHandler
                0x00000000080012c8                I2C3_EV_IRQHandler
                0x00000000080012c8                EXTI9_5_IRQHandler
                0x00000000080012c8                RTC_WKUP_IRQHandler
                0x00000000080012c8                PVD_PVM_IRQHandler
                0x00000000080012c8                SPI2_IRQHandler
                0x00000000080012c8                ADC5_IRQHandler
                0x00000000080012c8                DMA2_Channel5_IRQHandler
                0x00000000080012c8                CRS_IRQHandler
                0x00000000080012c8                DMA1_Channel5_IRQHandler
                0x00000000080012c8                USB_LP_IRQHandler
                0x00000000080012c8                EXTI4_IRQHandler
                0x00000000080012c8                RNG_IRQHandler
                0x00000000080012c8                HRTIM1_TIMB_IRQHandler
                0x00000000080012c8                TIM1_TRG_COM_TIM17_IRQHandler
                0x00000000080012c8                FDCAN2_IT1_IRQHandler
                0x00000000080012c8                DMA1_Channel3_IRQHandler
                0x00000000080012c8                ADC4_IRQHandler
                0x00000000080012c8                WWDG_IRQHandler
                0x00000000080012c8                I2C4_EV_IRQHandler
                0x00000000080012c8                FDCAN2_IT0_IRQHandler
                0x00000000080012c8                LPUART1_IRQHandler
                0x00000000080012c8                DMA2_Channel6_IRQHandler
                0x00000000080012c8                FDCAN1_IT0_IRQHandler
                0x00000000080012c8                COMP7_IRQHandler
                0x00000000080012c8                COMP1_2_3_IRQHandler
                0x00000000080012c8                EXTI1_IRQHandler
                0x00000000080012c8                USART2_IRQHandler
                0x00000000080012c8                COMP4_5_6_IRQHandler
                0x00000000080012c8                TIM20_BRK_IRQHandler
                0x00000000080012c8                I2C2_ER_IRQHandler
                0x00000000080012c8                DMA1_Channel2_IRQHandler
                0x00000000080012c8                TIM8_BRK_IRQHandler
                0x00000000080012c8                FLASH_IRQHandler
                0x00000000080012c8                TIM20_CC_IRQHandler
                0x00000000080012c8                USART1_IRQHandler
                0x00000000080012c8                SPI3_IRQHandler
                0x00000000080012c8                I2C1_ER_IRQHandler
                0x00000000080012c8                FMC_IRQHandler
                0x00000000080012c8                LPTIM1_IRQHandler
                0x00000000080012c8                DMAMUX_OVR_IRQHandler
                0x00000000080012c8                I2C4_ER_IRQHandler
                0x00000000080012c8                USBWakeUp_IRQHandler
                0x00000000080012c8                SAI1_IRQHandler
                0x00000000080012c8                DMA2_Channel3_IRQHandler
                0x00000000080012c8                TIM1_BRK_TIM15_IRQHandler
 .text.HAL_Init
                0x00000000080012ca       0x30 ./Drivers/STM32G4xx_HAL_Driver/Src/stm32g4xx_hal.o
                0x00000000080012ca                HAL_Init
 *fill*         0x00000000080012fa        0x2 
 .text.HAL_InitTick
                0x00000000080012fc       0x74 ./Drivers/STM32G4xx_HAL_Driver/Src/stm32g4xx_hal.o
                0x00000000080012fc                HAL_InitTick
 .text.HAL_IncTick
                0x0000000008001370       0x24 ./Drivers/STM32G4xx_HAL_Driver/Src/stm32g4xx_hal.o
                0x0000000008001370                HAL_IncTick
 .text.HAL_GetTick
                0x0000000008001394       0x18 ./Drivers/STM32G4xx_HAL_Driver/Src/stm32g4xx_hal.o
                0x0000000008001394                HAL_GetTick
 .text.HAL_Delay
                0x00000000080013ac       0x44 ./Drivers/STM32G4xx_HAL_Driver/Src/stm32g4xx_hal.o
                0x00000000080013ac                HAL_Delay
 .text.__NVIC_SetPriorityGrouping
                0x00000000080013f0       0x48 ./Drivers/STM32G4xx_HAL_Driver/Src/stm32g4xx_hal_cortex.o
 .text.__NVIC_GetPriorityGrouping
                0x0000000008001438       0x1c ./Drivers/STM32G4xx_HAL_Driver/Src/stm32g4xx_hal_cortex.o
 .text.__NVIC_EnableIRQ
                0x0000000008001454       0x3c ./Drivers/STM32G4xx_HAL_Driver/Src/stm32g4xx_hal_cortex.o
 .text.__NVIC_SetPriority
                0x0000000008001490       0x54 ./Drivers/STM32G4xx_HAL_Driver/Src/stm32g4xx_hal_cortex.o
 .text.NVIC_EncodePriority
                0x00000000080014e4       0x66 ./Drivers/STM32G4xx_HAL_Driver/Src/stm32g4xx_hal_cortex.o
 *fill*         0x000000000800154a        0x2 
 .text.SysTick_Config
                0x000000000800154c       0x44 ./Drivers/STM32G4xx_HAL_Driver/Src/stm32g4xx_hal_cortex.o
 .text.HAL_NVIC_SetPriorityGrouping
                0x0000000008001590       0x16 ./Drivers/STM32G4xx_HAL_Driver/Src/stm32g4xx_hal_cortex.o
                0x0000000008001590                HAL_NVIC_SetPriorityGrouping
 .text.HAL_NVIC_SetPriority
                0x00000000080015a6       0x34 ./Drivers/STM32G4xx_HAL_Driver/Src/stm32g4xx_hal_cortex.o
                0x00000000080015a6                HAL_NVIC_SetPriority
 .text.HAL_NVIC_EnableIRQ
                0x00000000080015da       0x1c ./Drivers/STM32G4xx_HAL_Driver/Src/stm32g4xx_hal_cortex.o
                0x00000000080015da                HAL_NVIC_EnableIRQ
 .text.HAL_SYSTICK_Config
                0x00000000080015f6       0x18 ./Drivers/STM32G4xx_HAL_Driver/Src/stm32g4xx_hal_cortex.o
                0x00000000080015f6                HAL_SYSTICK_Config
 *fill*         0x000000000800160e        0x2 
 .text.HAL_GPIO_Init
                0x0000000008001610      0x304 ./Drivers/STM32G4xx_HAL_Driver/Src/stm32g4xx_hal_gpio.o
                0x0000000008001610                HAL_GPIO_Init
 .text.HAL_GPIO_WritePin
                0x0000000008001914       0x30 ./Drivers/STM32G4xx_HAL_Driver/Src/stm32g4xx_hal_gpio.o
                0x0000000008001914                HAL_GPIO_WritePin
 .text.HAL_GPIO_EXTI_IRQHandler
                0x0000000008001944       0x30 ./Drivers/STM32G4xx_HAL_Driver/Src/stm32g4xx_hal_gpio.o
                0x0000000008001944                HAL_GPIO_EXTI_IRQHandler
 .text.HAL_PWREx_ControlVoltageScaling
                0x0000000008001974      0x148 ./Drivers/STM32G4xx_HAL_Driver/Src/stm32g4xx_hal_pwr_ex.o
                0x0000000008001974                HAL_PWREx_ControlVoltageScaling
 .text.HAL_RCC_OscConfig
                0x0000000008001abc      0x630 ./Drivers/STM32G4xx_HAL_Driver/Src/stm32g4xx_hal_rcc.o
                0x0000000008001abc                HAL_RCC_OscConfig
 .text.HAL_RCC_ClockConfig
                0x00000000080020ec      0x278 ./Drivers/STM32G4xx_HAL_Driver/Src/stm32g4xx_hal_rcc.o
                0x00000000080020ec                HAL_RCC_ClockConfig
 .text.HAL_RCC_GetSysClockFreq
                0x0000000008002364       0xc4 ./Drivers/STM32G4xx_HAL_Driver/Src/stm32g4xx_hal_rcc.o
                0x0000000008002364                HAL_RCC_GetSysClockFreq
 .text.RCC_GetSysClockFreqFromPLLSource
                0x0000000008002428       0x8c ./Drivers/STM32G4xx_HAL_Driver/Src/stm32g4xx_hal_rcc.o
 .text.HAL_TIM_OC_Init
                0x00000000080024b4       0xae ./Drivers/STM32G4xx_HAL_Driver/Src/stm32g4xx_hal_tim.o
                0x00000000080024b4                HAL_TIM_OC_Init
 *fill*         0x0000000008002562        0x2 
 .text.HAL_TIM_OC_Start
                0x0000000008002564      0x224 ./Drivers/STM32G4xx_HAL_Driver/Src/stm32g4xx_hal_tim.o
                0x0000000008002564                HAL_TIM_OC_Start
 .text.HAL_TIM_PWM_Init
                0x0000000008002788       0xae ./Drivers/STM32G4xx_HAL_Driver/Src/stm32g4xx_hal_tim.o
                0x0000000008002788                HAL_TIM_PWM_Init
 *fill*         0x0000000008002836        0x2 
 .text.HAL_TIM_PWM_Start
                0x0000000008002838      0x224 ./Drivers/STM32G4xx_HAL_Driver/Src/stm32g4xx_hal_tim.o
                0x0000000008002838                HAL_TIM_PWM_Start
 .text.HAL_TIM_PWM_Stop
                0x0000000008002a5c      0x138 ./Drivers/STM32G4xx_HAL_Driver/Src/stm32g4xx_hal_tim.o
                0x0000000008002a5c                HAL_TIM_PWM_Stop
 .text.HAL_TIM_PWM_Start_IT
                0x0000000008002b94      0x2c0 ./Drivers/STM32G4xx_HAL_Driver/Src/stm32g4xx_hal_tim.o
                0x0000000008002b94                HAL_TIM_PWM_Start_IT
 .text.HAL_TIM_PWM_Stop_IT
                0x0000000008002e54      0x1d4 ./Drivers/STM32G4xx_HAL_Driver/Src/stm32g4xx_hal_tim.o
                0x0000000008002e54                HAL_TIM_PWM_Stop_IT
 .text.HAL_TIM_IRQHandler
                0x0000000008003028      0x2fe ./Drivers/STM32G4xx_HAL_Driver/Src/stm32g4xx_hal_tim.o
                0x0000000008003028                HAL_TIM_IRQHandler
 *fill*         0x0000000008003326        0x2 
 .text.HAL_TIM_OC_ConfigChannel
                0x0000000008003328       0xf4 ./Drivers/STM32G4xx_HAL_Driver/Src/stm32g4xx_hal_tim.o
                0x0000000008003328                HAL_TIM_OC_ConfigChannel
 .text.HAL_TIM_PWM_ConfigChannel
                0x000000000800341c      0x228 ./Drivers/STM32G4xx_HAL_Driver/Src/stm32g4xx_hal_tim.o
                0x000000000800341c                HAL_TIM_PWM_ConfigChannel
 .text.HAL_TIM_PeriodElapsedCallback
                0x0000000008003644       0x14 ./Drivers/STM32G4xx_HAL_Driver/Src/stm32g4xx_hal_tim.o
                0x0000000008003644                HAL_TIM_PeriodElapsedCallback
 .text.HAL_TIM_OC_DelayElapsedCallback
                0x0000000008003658       0x14 ./Drivers/STM32G4xx_HAL_Driver/Src/stm32g4xx_hal_tim.o
                0x0000000008003658                HAL_TIM_OC_DelayElapsedCallback
 .text.HAL_TIM_IC_CaptureCallback
                0x000000000800366c       0x14 ./Drivers/STM32G4xx_HAL_Driver/Src/stm32g4xx_hal_tim.o
                0x000000000800366c                HAL_TIM_IC_CaptureCallback
 .text.HAL_TIM_TriggerCallback
                0x0000000008003680       0x14 ./Drivers/STM32G4xx_HAL_Driver/Src/stm32g4xx_hal_tim.o
                0x0000000008003680                HAL_TIM_TriggerCallback
 .text.TIM_Base_SetConfig
                0x0000000008003694      0x150 ./Drivers/STM32G4xx_HAL_Driver/Src/stm32g4xx_hal_tim.o
                0x0000000008003694                TIM_Base_SetConfig
 .text.TIM_OC1_SetConfig
                0x00000000080037e4      0x134 ./Drivers/STM32G4xx_HAL_Driver/Src/stm32g4xx_hal_tim.o
 .text.TIM_OC2_SetConfig
                0x0000000008003918      0x128 ./Drivers/STM32G4xx_HAL_Driver/Src/stm32g4xx_hal_tim.o
                0x0000000008003918                TIM_OC2_SetConfig
 .text.TIM_OC3_SetConfig
                0x0000000008003a40      0x124 ./Drivers/STM32G4xx_HAL_Driver/Src/stm32g4xx_hal_tim.o
 .text.TIM_OC4_SetConfig
                0x0000000008003b64      0x128 ./Drivers/STM32G4xx_HAL_Driver/Src/stm32g4xx_hal_tim.o
 .text.TIM_OC5_SetConfig
                0x0000000008003c8c       0xd4 ./Drivers/STM32G4xx_HAL_Driver/Src/stm32g4xx_hal_tim.o
 .text.TIM_OC6_SetConfig
                0x0000000008003d60       0xd8 ./Drivers/STM32G4xx_HAL_Driver/Src/stm32g4xx_hal_tim.o
 .text.TIM_CCxChannelCmd
                0x0000000008003e38       0x4a ./Drivers/STM32G4xx_HAL_Driver/Src/stm32g4xx_hal_tim.o
                0x0000000008003e38                TIM_CCxChannelCmd
 *fill*         0x0000000008003e82        0x2 
 .text.HAL_TIMEx_MasterConfigSynchronization
                0x0000000008003e84      0x12c ./Drivers/STM32G4xx_HAL_Driver/Src/stm32g4xx_hal_tim_ex.o
                0x0000000008003e84                HAL_TIMEx_MasterConfigSynchronization
 .text.HAL_TIMEx_ConfigBreakDeadTime
                0x0000000008003fb0      0x164 ./Drivers/STM32G4xx_HAL_Driver/Src/stm32g4xx_hal_tim_ex.o
                0x0000000008003fb0                HAL_TIMEx_ConfigBreakDeadTime
 .text.HAL_TIMEx_CommutCallback
                0x0000000008004114       0x14 ./Drivers/STM32G4xx_HAL_Driver/Src/stm32g4xx_hal_tim_ex.o
                0x0000000008004114                HAL_TIMEx_CommutCallback
 .text.HAL_TIMEx_BreakCallback
                0x0000000008004128       0x14 ./Drivers/STM32G4xx_HAL_Driver/Src/stm32g4xx_hal_tim_ex.o
                0x0000000008004128                HAL_TIMEx_BreakCallback
 .text.HAL_TIMEx_Break2Callback
                0x000000000800413c       0x14 ./Drivers/STM32G4xx_HAL_Driver/Src/stm32g4xx_hal_tim_ex.o
                0x000000000800413c                HAL_TIMEx_Break2Callback
 .text.HAL_TIMEx_EncoderIndexCallback
                0x0000000008004150       0x14 ./Drivers/STM32G4xx_HAL_Driver/Src/stm32g4xx_hal_tim_ex.o
                0x0000000008004150                HAL_TIMEx_EncoderIndexCallback
 .text.HAL_TIMEx_DirectionChangeCallback
                0x0000000008004164       0x14 ./Drivers/STM32G4xx_HAL_Driver/Src/stm32g4xx_hal_tim_ex.o
                0x0000000008004164                HAL_TIMEx_DirectionChangeCallback
 .text.HAL_TIMEx_IndexErrorCallback
                0x0000000008004178       0x14 ./Drivers/STM32G4xx_HAL_Driver/Src/stm32g4xx_hal_tim_ex.o
                0x0000000008004178                HAL_TIMEx_IndexErrorCallback
 .text.HAL_TIMEx_TransitionErrorCallback
                0x000000000800418c       0x14 ./Drivers/STM32G4xx_HAL_Driver/Src/stm32g4xx_hal_tim_ex.o
                0x000000000800418c                HAL_TIMEx_TransitionErrorCallback
 .text.memset   0x00000000080041a0       0x10 C:/Users/mertg/STM32CubeIDE_1.12.0/STM32CubeIDE/plugins/com.st.stm32cube.ide.mcu.externaltools.gnu-tools-for-stm32.11.3.rel1.win32_1.1.0.202305231506/tools/bin/../lib/gcc/arm-none-eabi/11.3.1/../../../../arm-none-eabi/lib/thumb/v7e-m+fp/hard\libc_nano.a(libc_a-memset.o)
                0x00000000080041a0                memset
 .text.__libc_init_array
                0x00000000080041b0       0x48 C:/Users/mertg/STM32CubeIDE_1.12.0/STM32CubeIDE/plugins/com.st.stm32cube.ide.mcu.externaltools.gnu-tools-for-stm32.11.3.rel1.win32_1.1.0.202305231506/tools/bin/../lib/gcc/arm-none-eabi/11.3.1/../../../../arm-none-eabi/lib/thumb/v7e-m+fp/hard\libc_nano.a(libc_a-init.o)
                0x00000000080041b0                __libc_init_array
 *(.glue_7)
 .glue_7        0x00000000080041f8        0x0 linker stubs
 *(.glue_7t)
 .glue_7t       0x00000000080041f8        0x0 linker stubs
 *(.eh_frame)
 .eh_frame      0x00000000080041f8        0x0 C:/Users/mertg/STM32CubeIDE_1.12.0/STM32CubeIDE/plugins/com.st.stm32cube.ide.mcu.externaltools.gnu-tools-for-stm32.11.3.rel1.win32_1.1.0.202305231506/tools/bin/../lib/gcc/arm-none-eabi/11.3.1/thumb/v7e-m+fp/hard/crtbegin.o
 *(.init)
 .init          0x00000000080041f8        0x4 C:/Users/mertg/STM32CubeIDE_1.12.0/STM32CubeIDE/plugins/com.st.stm32cube.ide.mcu.externaltools.gnu-tools-for-stm32.11.3.rel1.win32_1.1.0.202305231506/tools/bin/../lib/gcc/arm-none-eabi/11.3.1/thumb/v7e-m+fp/hard/crti.o
                0x00000000080041f8                _init
 .init          0x00000000080041fc        0x8 C:/Users/mertg/STM32CubeIDE_1.12.0/STM32CubeIDE/plugins/com.st.stm32cube.ide.mcu.externaltools.gnu-tools-for-stm32.11.3.rel1.win32_1.1.0.202305231506/tools/bin/../lib/gcc/arm-none-eabi/11.3.1/thumb/v7e-m+fp/hard/crtn.o
 *(.fini)
 .fini          0x0000000008004204        0x4 C:/Users/mertg/STM32CubeIDE_1.12.0/STM32CubeIDE/plugins/com.st.stm32cube.ide.mcu.externaltools.gnu-tools-for-stm32.11.3.rel1.win32_1.1.0.202305231506/tools/bin/../lib/gcc/arm-none-eabi/11.3.1/thumb/v7e-m+fp/hard/crti.o
                0x0000000008004204                _fini
 .fini          0x0000000008004208        0x8 C:/Users/mertg/STM32CubeIDE_1.12.0/STM32CubeIDE/plugins/com.st.stm32cube.ide.mcu.externaltools.gnu-tools-for-stm32.11.3.rel1.win32_1.1.0.202305231506/tools/bin/../lib/gcc/arm-none-eabi/11.3.1/thumb/v7e-m+fp/hard/crtn.o
                0x0000000008004210                . = ALIGN (0x4)
                0x0000000008004210                _etext = .

.vfp11_veneer   0x0000000008004210        0x0
 .vfp11_veneer  0x0000000008004210        0x0 linker stubs

.v4_bx          0x0000000008004210        0x0
 .v4_bx         0x0000000008004210        0x0 linker stubs

.iplt           0x0000000008004210        0x0
 .iplt          0x0000000008004210        0x0 C:/Users/mertg/STM32CubeIDE_1.12.0/STM32CubeIDE/plugins/com.st.stm32cube.ide.mcu.externaltools.gnu-tools-for-stm32.11.3.rel1.win32_1.1.0.202305231506/tools/bin/../lib/gcc/arm-none-eabi/11.3.1/thumb/v7e-m+fp/hard/crtbegin.o

.rodata         0x0000000008004210       0x10
                0x0000000008004210                . = ALIGN (0x4)
 *(.rodata)
 *(.rodata*)
 .rodata.AHBPrescTable
                0x0000000008004210       0x10 ./Core/Src/system_stm32g4xx.o
                0x0000000008004210                AHBPrescTable
                0x0000000008004220                . = ALIGN (0x4)

.rel.dyn        0x0000000008004220        0x0
 .rel.iplt      0x0000000008004220        0x0 C:/Users/mertg/STM32CubeIDE_1.12.0/STM32CubeIDE/plugins/com.st.stm32cube.ide.mcu.externaltools.gnu-tools-for-stm32.11.3.rel1.win32_1.1.0.202305231506/tools/bin/../lib/gcc/arm-none-eabi/11.3.1/thumb/v7e-m+fp/hard/crtbegin.o

.ARM.extab      0x0000000008004220        0x0
                0x0000000008004220                . = ALIGN (0x4)
 *(.ARM.extab* .gnu.linkonce.armextab.*)
                0x0000000008004220                . = ALIGN (0x4)

.ARM            0x0000000008004220        0x0
                0x0000000008004220                . = ALIGN (0x4)
                0x0000000008004220                __exidx_start = .
 *(.ARM.exidx*)
                0x0000000008004220                __exidx_end = .
                0x0000000008004220                . = ALIGN (0x4)

.preinit_array  0x0000000008004220        0x0
                0x0000000008004220                . = ALIGN (0x4)
                0x0000000008004220                PROVIDE (__preinit_array_start = .)
 *(.preinit_array*)
                0x0000000008004220                PROVIDE (__preinit_array_end = .)
                0x0000000008004220                . = ALIGN (0x4)

.init_array     0x0000000008004220        0x4
                0x0000000008004220                . = ALIGN (0x4)
                0x0000000008004220                PROVIDE (__init_array_start = .)
 *(SORT_BY_NAME(.init_array.*))
 *(.init_array*)
 .init_array    0x0000000008004220        0x4 C:/Users/mertg/STM32CubeIDE_1.12.0/STM32CubeIDE/plugins/com.st.stm32cube.ide.mcu.externaltools.gnu-tools-for-stm32.11.3.rel1.win32_1.1.0.202305231506/tools/bin/../lib/gcc/arm-none-eabi/11.3.1/thumb/v7e-m+fp/hard/crtbegin.o
                0x0000000008004224                PROVIDE (__init_array_end = .)
                0x0000000008004224                . = ALIGN (0x4)

.fini_array     0x0000000008004224        0x4
                0x0000000008004224                . = ALIGN (0x4)
                [!provide]                        PROVIDE (__fini_array_start = .)
 *(SORT_BY_NAME(.fini_array.*))
 *(.fini_array*)
 .fini_array    0x0000000008004224        0x4 C:/Users/mertg/STM32CubeIDE_1.12.0/STM32CubeIDE/plugins/com.st.stm32cube.ide.mcu.externaltools.gnu-tools-for-stm32.11.3.rel1.win32_1.1.0.202305231506/tools/bin/../lib/gcc/arm-none-eabi/11.3.1/thumb/v7e-m+fp/hard/crtbegin.o
                [!provide]                        PROVIDE (__fini_array_end = .)
                0x0000000008004228                . = ALIGN (0x4)
                0x0000000008004228                _sidata = LOADADDR (.data)

.data           0x0000000020000000        0xc load address 0x0000000008004228
                0x0000000020000000                . = ALIGN (0x4)
                0x0000000020000000                _sdata = .
 *(.data)
 *(.data*)
 .data.SystemCoreClock
                0x0000000020000000        0x4 ./Core/Src/system_stm32g4xx.o
                0x0000000020000000                SystemCoreClock
 .data.uwTickPrio
                0x0000000020000004        0x4 ./Drivers/STM32G4xx_HAL_Driver/Src/stm32g4xx_hal.o
                0x0000000020000004                uwTickPrio
 .data.uwTickFreq
                0x0000000020000008        0x4 ./Drivers/STM32G4xx_HAL_Driver/Src/stm32g4xx_hal.o
                0x0000000020000008                uwTickFreq
 *(.RamFunc)
 *(.RamFunc*)
                0x000000002000000c                . = ALIGN (0x4)
                0x000000002000000c                _edata = .

.igot.plt       0x000000002000000c        0x0 load address 0x0000000008004234
 .igot.plt      0x000000002000000c        0x0 C:/Users/mertg/STM32CubeIDE_1.12.0/STM32CubeIDE/plugins/com.st.stm32cube.ide.mcu.externaltools.gnu-tools-for-stm32.11.3.rel1.win32_1.1.0.202305231506/tools/bin/../lib/gcc/arm-none-eabi/11.3.1/thumb/v7e-m+fp/hard/crtbegin.o
                0x000000002000000c                . = ALIGN (0x4)

.bss            0x000000002000000c      0x228 load address 0x0000000008004234
                0x000000002000000c                _sbss = .
                0x000000002000000c                __bss_start__ = _sbss
 *(.bss)
 .bss           0x000000002000000c       0x1c C:/Users/mertg/STM32CubeIDE_1.12.0/STM32CubeIDE/plugins/com.st.stm32cube.ide.mcu.externaltools.gnu-tools-for-stm32.11.3.rel1.win32_1.1.0.202305231506/tools/bin/../lib/gcc/arm-none-eabi/11.3.1/thumb/v7e-m+fp/hard/crtbegin.o
 *(.bss*)
 .bss.htim1     0x0000000020000028       0x4c ./Core/Src/main.o
                0x0000000020000028                htim1
 .bss.htim2     0x0000000020000074       0x4c ./Core/Src/main.o
                0x0000000020000074                htim2
 .bss.htim3     0x00000000200000c0       0x4c ./Core/Src/main.o
                0x00000000200000c0                htim3
 .bss.htim4     0x000000002000010c       0x4c ./Core/Src/main.o
                0x000000002000010c                htim4
 .bss.htim5     0x0000000020000158       0x4c ./Core/Src/main.o
                0x0000000020000158                htim5
 .bss.htim8     0x00000000200001a4       0x4c ./Core/Src/main.o
                0x00000000200001a4                htim8
 .bss.step      0x00000000200001f0        0x4 ./Core/Src/main.o
                0x00000000200001f0                step
 .bss.durum     0x00000000200001f4        0x4 ./Core/Src/main.o
                0x00000000200001f4                durum
 .bss.sayac     0x00000000200001f8        0x4 ./Core/Src/main.o
                0x00000000200001f8                sayac
 .bss.step_2    0x00000000200001fc        0x4 ./Core/Src/main.o
                0x00000000200001fc                step_2
 .bss.durum_2   0x0000000020000200        0x4 ./Core/Src/main.o
                0x0000000020000200                durum_2
 .bss.sayac_2   0x0000000020000204        0x4 ./Core/Src/main.o
                0x0000000020000204                sayac_2
 .bss.step_3    0x0000000020000208        0x4 ./Core/Src/main.o
                0x0000000020000208                step_3
 .bss.durum_3   0x000000002000020c        0x4 ./Core/Src/main.o
                0x000000002000020c                durum_3
 .bss.sayac_3   0x0000000020000210        0x4 ./Core/Src/main.o
                0x0000000020000210                sayac_3
 .bss.step_4    0x0000000020000214        0x4 ./Core/Src/main.o
                0x0000000020000214                step_4
 .bss.durum_4   0x0000000020000218        0x4 ./Core/Src/main.o
                0x0000000020000218                durum_4
 .bss.sayac_4   0x000000002000021c        0x4 ./Core/Src/main.o
                0x000000002000021c                sayac_4
 .bss.step_5    0x0000000020000220        0x4 ./Core/Src/main.o
                0x0000000020000220                step_5
 .bss.durum_5   0x0000000020000224        0x4 ./Core/Src/main.o
                0x0000000020000224                durum_5
 .bss.sayac_5   0x0000000020000228        0x4 ./Core/Src/main.o
                0x0000000020000228                sayac_5
 .bss.second_stage
                0x000000002000022c        0x4 ./Core/Src/main.o
                0x000000002000022c                second_stage
 .bss.uwTick    0x0000000020000230        0x4 ./Drivers/STM32G4xx_HAL_Driver/Src/stm32g4xx_hal.o
                0x0000000020000230                uwTick
 *(COMMON)
                0x0000000020000234                . = ALIGN (0x4)
                0x0000000020000234                _ebss = .
                0x0000000020000234                __bss_end__ = _ebss

._user_heap_stack
                0x0000000020000234      0x604 load address 0x0000000008004234
                0x0000000020000238                . = ALIGN (0x8)
 *fill*         0x0000000020000234        0x4 
                [!provide]                        PROVIDE (end = .)
                0x0000000020000238                PROVIDE (_end = .)
                0x0000000020000438                . = (. + _Min_Heap_Size)
 *fill*         0x0000000020000238      0x200 
                0x0000000020000838                . = (. + _Min_Stack_Size)
 *fill*         0x0000000020000438      0x400 
                0x0000000020000838                . = ALIGN (0x8)

/DISCARD/
 libc.a(*)
 libm.a(*)
 libgcc.a(*)

.ARM.attributes
                0x0000000000000000       0x30
 *(.ARM.attributes)
 .ARM.attributes
                0x0000000000000000       0x1e C:/Users/mertg/STM32CubeIDE_1.12.0/STM32CubeIDE/plugins/com.st.stm32cube.ide.mcu.externaltools.gnu-tools-for-stm32.11.3.rel1.win32_1.1.0.202305231506/tools/bin/../lib/gcc/arm-none-eabi/11.3.1/thumb/v7e-m+fp/hard/crti.o
 .ARM.attributes
                0x000000000000001e       0x34 C:/Users/mertg/STM32CubeIDE_1.12.0/STM32CubeIDE/plugins/com.st.stm32cube.ide.mcu.externaltools.gnu-tools-for-stm32.11.3.rel1.win32_1.1.0.202305231506/tools/bin/../lib/gcc/arm-none-eabi/11.3.1/thumb/v7e-m+fp/hard/crtbegin.o
 .ARM.attributes
                0x0000000000000052       0x34 ./Core/Src/main.o
 .ARM.attributes
                0x0000000000000086       0x34 ./Core/Src/stm32g4xx_hal_msp.o
 .ARM.attributes
                0x00000000000000ba       0x34 ./Core/Src/stm32g4xx_it.o
 .ARM.attributes
                0x00000000000000ee       0x34 ./Core/Src/system_stm32g4xx.o
 .ARM.attributes
                0x0000000000000122       0x21 ./Core/Startup/startup_stm32g474retx.o
 .ARM.attributes
                0x0000000000000143       0x34 ./Drivers/STM32G4xx_HAL_Driver/Src/stm32g4xx_hal.o
 .ARM.attributes
                0x0000000000000177       0x34 ./Drivers/STM32G4xx_HAL_Driver/Src/stm32g4xx_hal_cortex.o
 .ARM.attributes
                0x00000000000001ab       0x34 ./Drivers/STM32G4xx_HAL_Driver/Src/stm32g4xx_hal_gpio.o
 .ARM.attributes
                0x00000000000001df       0x34 ./Drivers/STM32G4xx_HAL_Driver/Src/stm32g4xx_hal_pwr_ex.o
 .ARM.attributes
                0x0000000000000213       0x34 ./Drivers/STM32G4xx_HAL_Driver/Src/stm32g4xx_hal_rcc.o
 .ARM.attributes
                0x0000000000000247       0x34 ./Drivers/STM32G4xx_HAL_Driver/Src/stm32g4xx_hal_tim.o
 .ARM.attributes
                0x000000000000027b       0x34 ./Drivers/STM32G4xx_HAL_Driver/Src/stm32g4xx_hal_tim_ex.o
 .ARM.attributes
                0x00000000000002af       0x34 C:/Users/mertg/STM32CubeIDE_1.12.0/STM32CubeIDE/plugins/com.st.stm32cube.ide.mcu.externaltools.gnu-tools-for-stm32.11.3.rel1.win32_1.1.0.202305231506/tools/bin/../lib/gcc/arm-none-eabi/11.3.1/../../../../arm-none-eabi/lib/thumb/v7e-m+fp/hard\libc_nano.a(libc_a-memset.o)
 .ARM.attributes
                0x00000000000002e3       0x34 C:/Users/mertg/STM32CubeIDE_1.12.0/STM32CubeIDE/plugins/com.st.stm32cube.ide.mcu.externaltools.gnu-tools-for-stm32.11.3.rel1.win32_1.1.0.202305231506/tools/bin/../lib/gcc/arm-none-eabi/11.3.1/../../../../arm-none-eabi/lib/thumb/v7e-m+fp/hard\libc_nano.a(libc_a-init.o)
 .ARM.attributes
                0x0000000000000317       0x1e C:/Users/mertg/STM32CubeIDE_1.12.0/STM32CubeIDE/plugins/com.st.stm32cube.ide.mcu.externaltools.gnu-tools-for-stm32.11.3.rel1.win32_1.1.0.202305231506/tools/bin/../lib/gcc/arm-none-eabi/11.3.1/thumb/v7e-m+fp/hard/crtn.o
OUTPUT(SNTN_Step_Motor.elf elf32-littlearm)
LOAD linker stubs
LOAD C:/Users/mertg/STM32CubeIDE_1.12.0/STM32CubeIDE/plugins/com.st.stm32cube.ide.mcu.externaltools.gnu-tools-for-stm32.11.3.rel1.win32_1.1.0.202305231506/tools/bin/../lib/gcc/arm-none-eabi/11.3.1/../../../../arm-none-eabi/lib/thumb/v7e-m+fp/hard\libc.a
LOAD C:/Users/mertg/STM32CubeIDE_1.12.0/STM32CubeIDE/plugins/com.st.stm32cube.ide.mcu.externaltools.gnu-tools-for-stm32.11.3.rel1.win32_1.1.0.202305231506/tools/bin/../lib/gcc/arm-none-eabi/11.3.1/../../../../arm-none-eabi/lib/thumb/v7e-m+fp/hard\libm.a
LOAD C:/Users/mertg/STM32CubeIDE_1.12.0/STM32CubeIDE/plugins/com.st.stm32cube.ide.mcu.externaltools.gnu-tools-for-stm32.11.3.rel1.win32_1.1.0.202305231506/tools/bin/../lib/gcc/arm-none-eabi/11.3.1/thumb/v7e-m+fp/hard\libgcc.a

.comment        0x0000000000000000       0x43
 .comment       0x0000000000000000       0x43 C:/Users/mertg/STM32CubeIDE_1.12.0/STM32CubeIDE/plugins/com.st.stm32cube.ide.mcu.externaltools.gnu-tools-for-stm32.11.3.rel1.win32_1.1.0.202305231506/tools/bin/../lib/gcc/arm-none-eabi/11.3.1/thumb/v7e-m+fp/hard/crtbegin.o
                                         0x44 (size before relaxing)
 .comment       0x0000000000000043       0x44 ./Core/Src/main.o
 .comment       0x0000000000000043       0x44 ./Core/Src/stm32g4xx_hal_msp.o
 .comment       0x0000000000000043       0x44 ./Core/Src/stm32g4xx_it.o
 .comment       0x0000000000000043       0x44 ./Core/Src/system_stm32g4xx.o
 .comment       0x0000000000000043       0x44 ./Drivers/STM32G4xx_HAL_Driver/Src/stm32g4xx_hal.o
 .comment       0x0000000000000043       0x44 ./Drivers/STM32G4xx_HAL_Driver/Src/stm32g4xx_hal_cortex.o
 .comment       0x0000000000000043       0x44 ./Drivers/STM32G4xx_HAL_Driver/Src/stm32g4xx_hal_gpio.o
 .comment       0x0000000000000043       0x44 ./Drivers/STM32G4xx_HAL_Driver/Src/stm32g4xx_hal_pwr_ex.o
 .comment       0x0000000000000043       0x44 ./Drivers/STM32G4xx_HAL_Driver/Src/stm32g4xx_hal_rcc.o
 .comment       0x0000000000000043       0x44 ./Drivers/STM32G4xx_HAL_Driver/Src/stm32g4xx_hal_tim.o
 .comment       0x0000000000000043       0x44 ./Drivers/STM32G4xx_HAL_Driver/Src/stm32g4xx_hal_tim_ex.o

.debug_info     0x0000000000000000     0xb76c
 .debug_info    0x0000000000000000     0x1925 ./Core/Src/main.o
 .debug_info    0x0000000000001925     0x10b2 ./Core/Src/stm32g4xx_hal_msp.o
 .debug_info    0x00000000000029d7      0x902 ./Core/Src/stm32g4xx_it.o
 .debug_info    0x00000000000032d9      0x58e ./Core/Src/system_stm32g4xx.o
 .debug_info    0x0000000000003867       0x23 ./Core/Startup/startup_stm32g474retx.o
 .debug_info    0x000000000000388a      0xb53 ./Drivers/STM32G4xx_HAL_Driver/Src/stm32g4xx_hal.o
 .debug_info    0x00000000000043dd      0xdad ./Drivers/STM32G4xx_HAL_Driver/Src/stm32g4xx_hal_cortex.o
 .debug_info    0x000000000000518a      0x763 ./Drivers/STM32G4xx_HAL_Driver/Src/stm32g4xx_hal_gpio.o
 .debug_info    0x00000000000058ed      0x93f ./Drivers/STM32G4xx_HAL_Driver/Src/stm32g4xx_hal_pwr_ex.o
 .debug_info    0x000000000000622c      0xbe0 ./Drivers/STM32G4xx_HAL_Driver/Src/stm32g4xx_hal_rcc.o
 .debug_info    0x0000000000006e0c     0x2bfd ./Drivers/STM32G4xx_HAL_Driver/Src/stm32g4xx_hal_tim.o
 .debug_info    0x0000000000009a09     0x1d63 ./Drivers/STM32G4xx_HAL_Driver/Src/stm32g4xx_hal_tim_ex.o

.debug_abbrev   0x0000000000000000     0x19f2
 .debug_abbrev  0x0000000000000000      0x2dc ./Core/Src/main.o
 .debug_abbrev  0x00000000000002dc      0x262 ./Core/Src/stm32g4xx_hal_msp.o
 .debug_abbrev  0x000000000000053e      0x1dd ./Core/Src/stm32g4xx_it.o
 .debug_abbrev  0x000000000000071b      0x11a ./Core/Src/system_stm32g4xx.o
 .debug_abbrev  0x0000000000000835       0x12 ./Core/Startup/startup_stm32g474retx.o
 .debug_abbrev  0x0000000000000847      0x271 ./Drivers/STM32G4xx_HAL_Driver/Src/stm32g4xx_hal.o
 .debug_abbrev  0x0000000000000ab8      0x31c ./Drivers/STM32G4xx_HAL_Driver/Src/stm32g4xx_hal_cortex.o
 .debug_abbrev  0x0000000000000dd4      0x1cb ./Drivers/STM32G4xx_HAL_Driver/Src/stm32g4xx_hal_gpio.o
 .debug_abbrev  0x0000000000000f9f      0x22c ./Drivers/STM32G4xx_HAL_Driver/Src/stm32g4xx_hal_pwr_ex.o
 .debug_abbrev  0x00000000000011cb      0x2c9 ./Drivers/STM32G4xx_HAL_Driver/Src/stm32g4xx_hal_rcc.o
 .debug_abbrev  0x0000000000001494      0x2a0 ./Drivers/STM32G4xx_HAL_Driver/Src/stm32g4xx_hal_tim.o
 .debug_abbrev  0x0000000000001734      0x2be ./Drivers/STM32G4xx_HAL_Driver/Src/stm32g4xx_hal_tim_ex.o

.debug_aranges  0x0000000000000000      0xc68
 .debug_aranges
                0x0000000000000000       0xb0 ./Core/Src/main.o
 .debug_aranges
                0x00000000000000b0       0x48 ./Core/Src/stm32g4xx_hal_msp.o
 .debug_aranges
                0x00000000000000f8       0x88 ./Core/Src/stm32g4xx_it.o
 .debug_aranges
                0x0000000000000180       0x28 ./Core/Src/system_stm32g4xx.o
 .debug_aranges
                0x00000000000001a8       0x28 ./Core/Startup/startup_stm32g474retx.o
 .debug_aranges
                0x00000000000001d0      0x130 ./Drivers/STM32G4xx_HAL_Driver/Src/stm32g4xx_hal.o
 .debug_aranges
                0x0000000000000300      0x118 ./Drivers/STM32G4xx_HAL_Driver/Src/stm32g4xx_hal_cortex.o
 .debug_aranges
                0x0000000000000418       0x58 ./Drivers/STM32G4xx_HAL_Driver/Src/stm32g4xx_hal_gpio.o
 .debug_aranges
                0x0000000000000470      0x140 ./Drivers/STM32G4xx_HAL_Driver/Src/stm32g4xx_hal_pwr_ex.o
 .debug_aranges
                0x00000000000005b0       0x98 ./Drivers/STM32G4xx_HAL_Driver/Src/stm32g4xx_hal_rcc.o
 .debug_aranges
                0x0000000000000648      0x3e0 ./Drivers/STM32G4xx_HAL_Driver/Src/stm32g4xx_hal_tim.o
 .debug_aranges
                0x0000000000000a28      0x240 ./Drivers/STM32G4xx_HAL_Driver/Src/stm32g4xx_hal_tim_ex.o

.debug_rnglists
                0x0000000000000000      0x997
 .debug_rnglists
                0x0000000000000000       0x8b ./Core/Src/main.o
 .debug_rnglists
                0x000000000000008b       0x34 ./Core/Src/stm32g4xx_hal_msp.o
 .debug_rnglists
                0x00000000000000bf       0x61 ./Core/Src/stm32g4xx_it.o
 .debug_rnglists
                0x0000000000000120       0x1a ./Core/Src/system_stm32g4xx.o
 .debug_rnglists
                0x000000000000013a       0x19 ./Core/Startup/startup_stm32g474retx.o
 .debug_rnglists
                0x0000000000000153       0xdf ./Drivers/STM32G4xx_HAL_Driver/Src/stm32g4xx_hal.o
 .debug_rnglists
                0x0000000000000232       0xce ./Drivers/STM32G4xx_HAL_Driver/Src/stm32g4xx_hal_cortex.o
 .debug_rnglists
                0x0000000000000300       0x3f ./Drivers/STM32G4xx_HAL_Driver/Src/stm32g4xx_hal_gpio.o
 .debug_rnglists
                0x000000000000033f       0xf1 ./Drivers/STM32G4xx_HAL_Driver/Src/stm32g4xx_hal_pwr_ex.o
 .debug_rnglists
                0x0000000000000430       0x74 ./Drivers/STM32G4xx_HAL_Driver/Src/stm32g4xx_hal_rcc.o
 .debug_rnglists
                0x00000000000004a4      0x328 ./Drivers/STM32G4xx_HAL_Driver/Src/stm32g4xx_hal_tim.o
 .debug_rnglists
                0x00000000000007cc      0x1cb ./Drivers/STM32G4xx_HAL_Driver/Src/stm32g4xx_hal_tim_ex.o

.debug_macro    0x0000000000000000    0x248c4
 .debug_macro   0x0000000000000000      0x1db ./Core/Src/main.o
 .debug_macro   0x00000000000001db      0xaa8 ./Core/Src/main.o
 .debug_macro   0x0000000000000c83      0x155 ./Core/Src/main.o
 .debug_macro   0x0000000000000dd8       0x2e ./Core/Src/main.o
 .debug_macro   0x0000000000000e06       0x28 ./Core/Src/main.o
 .debug_macro   0x0000000000000e2e       0x22 ./Core/Src/main.o
 .debug_macro   0x0000000000000e50       0x8e ./Core/Src/main.o
 .debug_macro   0x0000000000000ede       0x51 ./Core/Src/main.o
 .debug_macro   0x0000000000000f2f      0x103 ./Core/Src/main.o
 .debug_macro   0x0000000000001032       0x6a ./Core/Src/main.o
 .debug_macro   0x000000000000109c      0x1df ./Core/Src/main.o
 .debug_macro   0x000000000000127b       0x1c ./Core/Src/main.o
 .debug_macro   0x0000000000001297       0x22 ./Core/Src/main.o
 .debug_macro   0x00000000000012b9       0xfb ./Core/Src/main.o
 .debug_macro   0x00000000000013b4     0x1011 ./Core/Src/main.o
 .debug_macro   0x00000000000023c5      0x11f ./Core/Src/main.o
 .debug_macro   0x00000000000024e4    0x18b93 ./Core/Src/main.o
 .debug_macro   0x000000000001b077       0x6d ./Core/Src/main.o
 .debug_macro   0x000000000001b0e4     0x3554 ./Core/Src/main.o
 .debug_macro   0x000000000001e638      0x174 ./Core/Src/main.o
 .debug_macro   0x000000000001e7ac       0x5c ./Core/Src/main.o
 .debug_macro   0x000000000001e808     0x171f ./Core/Src/main.o
 .debug_macro   0x000000000001ff27      0x600 ./Core/Src/main.o
 .debug_macro   0x0000000000020527      0x1b6 ./Core/Src/main.o
 .debug_macro   0x00000000000206dd      0x34a ./Core/Src/main.o
 .debug_macro   0x0000000000020a27      0x53c ./Core/Src/main.o
 .debug_macro   0x0000000000020f63      0x18b ./Core/Src/main.o
 .debug_macro   0x00000000000210ee       0x43 ./Core/Src/main.o
 .debug_macro   0x0000000000021131      0x23d ./Core/Src/main.o
 .debug_macro   0x000000000002136e      0x211 ./Core/Src/main.o
 .debug_macro   0x000000000002157f      0x45c ./Core/Src/main.o
 .debug_macro   0x00000000000219db      0x11c ./Core/Src/main.o
 .debug_macro   0x0000000000021af7      0x122 ./Core/Src/main.o
 .debug_macro   0x0000000000021c19      0x3d1 ./Core/Src/main.o
 .debug_macro   0x0000000000021fea      0xbef ./Core/Src/main.o
 .debug_macro   0x0000000000022bd9      0x718 ./Core/Src/main.o
 .debug_macro   0x00000000000232f1      0x358 ./Core/Src/main.o
 .debug_macro   0x0000000000023649       0x40 ./Core/Src/main.o
 .debug_macro   0x0000000000023689      0x1c9 ./Core/Src/stm32g4xx_hal_msp.o
 .debug_macro   0x0000000000023852      0x1d3 ./Core/Src/stm32g4xx_it.o
 .debug_macro   0x0000000000023a25      0x1ba ./Core/Src/system_stm32g4xx.o
 .debug_macro   0x0000000000023bdf      0x208 ./Drivers/STM32G4xx_HAL_Driver/Src/stm32g4xx_hal.o
 .debug_macro   0x0000000000023de7      0x1ba ./Drivers/STM32G4xx_HAL_Driver/Src/stm32g4xx_hal_cortex.o
 .debug_macro   0x0000000000023fa1      0x1c1 ./Drivers/STM32G4xx_HAL_Driver/Src/stm32g4xx_hal_gpio.o
 .debug_macro   0x0000000000024162      0x1e4 ./Drivers/STM32G4xx_HAL_Driver/Src/stm32g4xx_hal_pwr_ex.o
 .debug_macro   0x0000000000024346      0x1fc ./Drivers/STM32G4xx_HAL_Driver/Src/stm32g4xx_hal_rcc.o
 .debug_macro   0x0000000000024542      0x1c2 ./Drivers/STM32G4xx_HAL_Driver/Src/stm32g4xx_hal_tim.o
 .debug_macro   0x0000000000024704      0x1c0 ./Drivers/STM32G4xx_HAL_Driver/Src/stm32g4xx_hal_tim_ex.o

.debug_line     0x0000000000000000     0xc654
 .debug_line    0x0000000000000000      0xd92 ./Core/Src/main.o
 .debug_line    0x0000000000000d92      0x904 ./Core/Src/stm32g4xx_hal_msp.o
 .debug_line    0x0000000000001696      0x85d ./Core/Src/stm32g4xx_it.o
 .debug_line    0x0000000000001ef3      0x78c ./Core/Src/system_stm32g4xx.o
 .debug_line    0x000000000000267f       0x7b ./Core/Startup/startup_stm32g474retx.o
 .debug_line    0x00000000000026fa      0xb03 ./Drivers/STM32G4xx_HAL_Driver/Src/stm32g4xx_hal.o
 .debug_line    0x00000000000031fd      0xcb6 ./Drivers/STM32G4xx_HAL_Driver/Src/stm32g4xx_hal_cortex.o
 .debug_line    0x0000000000003eb3      0xb46 ./Drivers/STM32G4xx_HAL_Driver/Src/stm32g4xx_hal_gpio.o
 .debug_line    0x00000000000049f9      0xcba ./Drivers/STM32G4xx_HAL_Driver/Src/stm32g4xx_hal_pwr_ex.o
 .debug_line    0x00000000000056b3      0xf16 ./Drivers/STM32G4xx_HAL_Driver/Src/stm32g4xx_hal_rcc.o
 .debug_line    0x00000000000065c9     0x3f34 ./Drivers/STM32G4xx_HAL_Driver/Src/stm32g4xx_hal_tim.o
 .debug_line    0x000000000000a4fd     0x2157 ./Drivers/STM32G4xx_HAL_Driver/Src/stm32g4xx_hal_tim_ex.o

.debug_str      0x0000000000000000    0xf1470
 .debug_str     0x0000000000000000    0xee746 ./Core/Src/main.o
                                      0xeeab4 (size before relaxing)
 .debug_str     0x00000000000ee746       0xad ./Core/Src/stm32g4xx_hal_msp.o
                                      0xee453 (size before relaxing)
 .debug_str     0x00000000000ee7f3      0x14a ./Core/Src/stm32g4xx_it.o
                                      0xedcc8 (size before relaxing)
 .debug_str     0x00000000000ee93d       0xdb ./Core/Src/system_stm32g4xx.o
                                      0xed64e (size before relaxing)
 .debug_str     0x00000000000eea18       0x34 ./Core/Startup/startup_stm32g474retx.o
                                         0x61 (size before relaxing)
 .debug_str     0x00000000000eea4c      0x5bc ./Drivers/STM32G4xx_HAL_Driver/Src/stm32g4xx_hal.o
                                      0xee339 (size before relaxing)
 .debug_str     0x00000000000ef008      0x322 ./Drivers/STM32G4xx_HAL_Driver/Src/stm32g4xx_hal_cortex.o
                                      0xedfe4 (size before relaxing)
 .debug_str     0x00000000000ef32a       0xff ./Drivers/STM32G4xx_HAL_Driver/Src/stm32g4xx_hal_gpio.o
                                      0xed7d9 (size before relaxing)
 .debug_str     0x00000000000ef429      0x4c6 ./Drivers/STM32G4xx_HAL_Driver/Src/stm32g4xx_hal_pwr_ex.o
                                      0xedb3c (size before relaxing)
 .debug_str     0x00000000000ef8ef      0x506 ./Drivers/STM32G4xx_HAL_Driver/Src/stm32g4xx_hal_rcc.o
                                      0xedd6d (size before relaxing)
 .debug_str     0x00000000000efdf5      0xe5e ./Drivers/STM32G4xx_HAL_Driver/Src/stm32g4xx_hal_tim.o
                                      0xeeb3c (size before relaxing)
 .debug_str     0x00000000000f0c53      0x81d ./Drivers/STM32G4xx_HAL_Driver/Src/stm32g4xx_hal_tim_ex.o
                                      0xee7c0 (size before relaxing)

.debug_frame    0x0000000000000000     0x341c
 .debug_frame   0x0000000000000000      0x2a8 ./Core/Src/main.o
 .debug_frame   0x00000000000002a8       0xf4 ./Core/Src/stm32g4xx_hal_msp.o
 .debug_frame   0x000000000000039c      0x190 ./Core/Src/stm32g4xx_it.o
 .debug_frame   0x000000000000052c       0x58 ./Core/Src/system_stm32g4xx.o
 .debug_frame   0x0000000000000584      0x4a0 ./Drivers/STM32G4xx_HAL_Driver/Src/stm32g4xx_hal.o
 .debug_frame   0x0000000000000a24      0x498 ./Drivers/STM32G4xx_HAL_Driver/Src/stm32g4xx_hal_cortex.o
 .debug_frame   0x0000000000000ebc      0x14c ./Drivers/STM32G4xx_HAL_Driver/Src/stm32g4xx_hal_gpio.o
 .debug_frame   0x0000000000001008      0x4fc ./Drivers/STM32G4xx_HAL_Driver/Src/stm32g4xx_hal_pwr_ex.o
 .debug_frame   0x0000000000001504      0x23c ./Drivers/STM32G4xx_HAL_Driver/Src/stm32g4xx_hal_rcc.o
 .debug_frame   0x0000000000001740     0x1220 ./Drivers/STM32G4xx_HAL_Driver/Src/stm32g4xx_hal_tim.o
 .debug_frame   0x0000000000002960      0xa70 ./Drivers/STM32G4xx_HAL_Driver/Src/stm32g4xx_hal_tim_ex.o
 .debug_frame   0x00000000000033d0       0x20 C:/Users/mertg/STM32CubeIDE_1.12.0/STM32CubeIDE/plugins/com.st.stm32cube.ide.mcu.externaltools.gnu-tools-for-stm32.11.3.rel1.win32_1.1.0.202305231506/tools/bin/../lib/gcc/arm-none-eabi/11.3.1/../../../../arm-none-eabi/lib/thumb/v7e-m+fp/hard\libc_nano.a(libc_a-memset.o)
 .debug_frame   0x00000000000033f0       0x2c C:/Users/mertg/STM32CubeIDE_1.12.0/STM32CubeIDE/plugins/com.st.stm32cube.ide.mcu.externaltools.gnu-tools-for-stm32.11.3.rel1.win32_1.1.0.202305231506/tools/bin/../lib/gcc/arm-none-eabi/11.3.1/../../../../arm-none-eabi/lib/thumb/v7e-m+fp/hard\libc_nano.a(libc_a-init.o)

.debug_line_str
                0x0000000000000000       0x55
 .debug_line_str
                0x0000000000000000       0x55 ./Core/Startup/startup_stm32g474retx.o
                                         0x6d (size before relaxing)
