../Core/Src/main.c:85:6:HAL_GPIO_EXTI_Callback	16	static
../Core/Src/main.c:89:6:HAL_TIM_PWM_PulseFinishedCallback	16	static
../Core/Src/main.c:156:6:Step	16	static
../Core/Src/main.c:179:6:Step_2	16	static
../Core/Src/main.c:203:6:Step_3	16	static
../Core/Src/main.c:222:6:Step_4	16	static
../Core/Src/main.c:241:6:Step_5	16	static
../Core/Src/main.c:264:6:Determine_direction	16	static
../Core/Src/main.c:310:6:Multiple_Rotate	24	static
../Core/Src/main.c:403:5:main	8	static
../Core/Src/main.c:511:6:SystemClock_Config	88	static
../Core/Src/main.c:552:13:MX_TIM1_Init	104	static
../Core/Src/main.c:636:13:MX_TIM2_Init	48	static
../Core/Src/main.c:689:13:MX_TIM3_Init	48	static
../Core/Src/main.c:738:13:MX_TIM4_Init	48	static
../Core/Src/main.c:787:13:MX_TIM5_Init	48	static
../Core/Src/main.c:836:13:MX_TIM8_Init	104	static
../Core/Src/main.c:908:13:MX_GPIO_Init	40	static
../Core/Src/main.c:971:6:Error_Handler	4	static,ignoring_inline_asm
